
> string-service-platform@1.0.0 build
> next build

  鈻?Next.js 14.2.35
  - Environments: .env.local, .env

   Creating an optimized production build ...
node.exe : Failed 
to compile.
所在位置 行:1 字符: 1
+ & "C:\Program File
s\nodejs/node.exe" "
C:\Users\tanli\AppDa
ta\Roaming\ ...
+ ~~~~~~~~~~~~~~~~~~
~~~~~~~~~~~~~~~~~~~~
~~~~~~~~~~~~~~~~~~~~
~~~~~~~~~~~
    + CategoryInfo  
            : NotS  
  pecified: (Fail   
 ed to compile.:    
String) [], Rem    
oteException
    + FullyQualifie 
   dErrorId : Nati  
  veCommandError
 

./src/components/adm
in/AdminInventoryDet
ailPage.tsx
Module not found: 
Can't resolve '@/ser
vices/inventory.serv
ice'

https://nextjs.org/d
ocs/messages/module-
not-found

Import trace for 
requested module:
./src/app/admin/inve
ntory/[id]/page.tsx

./src/components/adm
in/AdminInventoryLis
tPage.tsx
Module not found: 
Can't resolve '@/ser
vices/inventory.serv
ice'

https://nextjs.org/d
ocs/messages/module-
not-found

Import trace for 
requested module:
./src/app/admin/inve
ntory/page.tsx

./src/components/adm
in/PaymentVerificati
onPage.tsx
Module not found: 
Can't resolve '@/ser
vices/payment.servic
e'

https://nextjs.org/d
ocs/messages/module-
not-found

./src/components/pay
ment/PaymentPage.tsx
Module not found: 
Can't resolve '@/ser
vices/payment.servic
e'

https://nextjs.org/d
ocs/messages/module-
not-found

./src/features/home/
PackageSummary.tsx
Module not found: 
Can't resolve '@/ser
vices/package.servic
e'

https://nextjs.org/d
ocs/messages/module-
not-found

Import trace for 
requested module:
./src/features/home/
HomePage.tsx
./src/app/page.tsx


> Build failed 
because of webpack 
errors
