.next/types/app/vouchers/exchange/page.ts(2,24): error TS2306: File 'C:/Users/tanli/Desktop/ArtSport/string/src/app/vouchers/exchange/page.tsx' is not a module.
.next/types/app/vouchers/exchange/page.ts(5,29): error TS2306: File 'C:/Users/tanli/Desktop/ArtSport/string/src/app/vouchers/exchange/page.tsx' is not a module.
.next/types/app/vouchers/page.ts(2,24): error TS2306: File 'C:/Users/tanli/Desktop/ArtSport/string/src/app/vouchers/page.tsx' is not a module.
.next/types/app/vouchers/page.ts(5,29): error TS2306: File 'C:/Users/tanli/Desktop/ArtSport/string/src/app/vouchers/page.tsx' is not a module.
src/actions/orders.actions.ts(230,30): error TS2363: The right-hand side of an arithmetic operation must be of type 'any', 'number', 'bigint' or an enum type.
src/actions/packages.actions.ts(207,25): error TS2339: Property 'receiptUrl' does not exist on type '{ package: { id: string; price: Decimal; createdAt: Date; updatedAt: Date; name: string; description: string | null; imageUrl: string | null; active: boolean; times: number; originalPrice: Decimal | null; validityDays: number; } | null; } & { ...; }'.
src/app/api/user/vouchers/route.ts(7,10): error TS2614: Module '"next-auth"' has no exported member 'getServerSession'. Did you mean to use 'import getServerSession from "next-auth"' instead?
src/app/api/user/vouchers/route.ts(8,10): error TS2305: Module '"@/lib/auth"' has no exported member 'authOptions'.
src/app/api/user/vouchers/route.ts(9,8): error TS2613: Module '"C:/Users/tanli/Desktop/ArtSport/string/src/lib/prisma"' has no default export. Did you mean to use 'import { prisma } from "C:/Users/tanli/Desktop/ArtSport/string/src/lib/prisma"' instead?
src/app/api/user/vouchers/route.ts(31,44): error TS7006: Parameter 'uv' implicitly has an 'any' type.
src/app/vouchers/redeem/page.tsx(6,35): error TS2307: Cannot find module '@/components/features/VoucherRedemptionPage' or its corresponding type declarations.
src/components/admin/AdminVoucherListPage.tsx(267,15): error TS2322: Type 'number | undefined' is not assignable to type 'string | number'.
  Type 'undefined' is not assignable to type 'string | number'.
src/components/admin/AdminVoucherListPage.tsx(272,15): error TS2322: Type 'number | undefined' is not assignable to type 'string | number'.
  Type 'undefined' is not assignable to type 'string | number'.
src/components/NotificationSettingsPage.tsx(17,3): error TS2305: Module '"@/services/notificationService"' has no exported member 'getNotificationPreferences'.
src/components/NotificationSettingsPage.tsx(18,3): error TS2305: Module '"@/services/notificationService"' has no exported member 'updateNotificationPreferences'.
src/components/NotificationSettingsPage.tsx(19,8): error TS2305: Module '"@/services/notificationService"' has no exported member 'NotificationPreferences'.
src/features/admin/AdminReviewsPage.tsx(111,18): error TS2345: Argument of type 'OrderReview[]' is not assignable to parameter of type 'SetStateAction<Review[]>'.
  Type 'OrderReview[]' is not assignable to type 'Review[]'.
    Type 'OrderReview' is missing the following properties from type 'Review': images, admin_reply_at, admin_reply_by
src/features/admin/AdminReviewsPage.tsx(112,26): error TS2345: Argument of type 'OrderReview[]' is not assignable to parameter of type 'SetStateAction<Review[]>'.
  Type 'OrderReview[]' is not assignable to type 'Review[]'.
    Type 'OrderReview' is missing the following properties from type 'Review': images, admin_reply_at, admin_reply_by
src/features/profile/ReferralsPage.tsx(59,46): error TS7006: Parameter 'referral' implicitly has an 'any' type.
src/services/adminOrderService.ts(96,14): error TS2322: Type '({ [x: string]: ({ id: string; orderId: string | null; createdAt: Date; updatedAt: Date; userId: string; status: string; packageId: string | null; amount: Decimal; provider: string; transactionId: string | null; metadata: JsonValue; } | { ...; })[] | ... 4 more ... | { ...; }[]; [x: number]: never; [x: symbol]: neve...' is not assignable to type 'AdminOrder[]'.
  Type '{ [x: string]: ({ id: string; orderId: string | null; createdAt: Date; updatedAt: Date; userId: string; status: string; packageId: string | null; amount: Decimal; provider: string; transactionId: string | null; metadata: JsonValue; } | { ...; })[] | ... 4 more ... | { ...; }[]; [x: number]: never; [x: symbol]: never...' is missing the following properties from type 'AdminOrder': packageId, totalAmount
src/services/adminOrderService.ts(106,14): error TS2322: Type '{ [x: string]: ({ id: string; orderId: string | null; createdAt: Date; updatedAt: Date; userId: string; status: string; packageId: string | null; amount: Decimal; provider: string; transactionId: string | null; metadata: JsonValue; } | { ...; })[] | ... 4 more ... | { ...; }[]; [x: number]: never; [x: symbol]: never...' is not assignable to type 'AdminOrder | null'.
  Type '{ [x: string]: ({ id: string; orderId: string | null; createdAt: Date; updatedAt: Date; userId: string; status: string; packageId: string | null; amount: Decimal; provider: string; transactionId: string | null; metadata: JsonValue; } | { ...; })[] | ... 4 more ... | { ...; }[]; [x: number]: never; [x: symbol]: never...' is missing the following properties from type 'AdminOrder': packageId, totalAmount
src/services/adminOrderService.ts(120,14): error TS2322: Type '{ string: { model: string; id: string; createdAt: Date; updatedAt: Date; description: string | null; costPrice: Decimal; brand: string; sellingPrice: Decimal; ... 9 more ...; active: boolean; } | null; user: { ...; }; packageUsed: ({ ...; } & { ...; }) | null; voucherUsed: ({ ...; } & { ...; }) | null; payments: { ....' is not assignable to type 'AdminOrder | null'.
  Type '{ string: { model: string; id: string; createdAt: Date; updatedAt: Date; description: string | null; costPrice: Decimal; brand: string; sellingPrice: Decimal; ... 9 more ...; active: boolean; } | null; user: { ...; }; packageUsed: ({ ...; } & { ...; }) | null; voucherUsed: ({ ...; } & { ...; }) | null; payments: { ....' is missing the following properties from type 'AdminOrder': packageId, totalAmount
src/services/adminOrderService.ts(193,14): error TS2322: Type '({ [x: string]: ({ id: string; orderId: string | null; createdAt: Date; updatedAt: Date; userId: string; status: string; packageId: string | null; amount: Decimal; provider: string; transactionId: string | null; metadata: JsonValue; } | { ...; })[] | ... 4 more ... | { ...; }[]; [x: number]: never; [x: symbol]: neve...' is not assignable to type 'AdminOrder[]'.
  Type '{ [x: string]: ({ id: string; orderId: string | null; createdAt: Date; updatedAt: Date; userId: string; status: string; packageId: string | null; amount: Decimal; provider: string; transactionId: string | null; metadata: JsonValue; } | { ...; })[] | ... 4 more ... | { ...; }[]; [x: number]: never; [x: symbol]: never...' is missing the following properties from type 'AdminOrder': packageId, totalAmount
src/services/homeService.ts(82,5): error TS2322: Type '{ id: string; price: Decimal; createdAt: Date; updatedAt: Date; name: string; description: string | null; imageUrl: string | null; active: boolean; times: number; originalPrice: Decimal | null; validityDays: number; }[]' is not assignable to type 'FeaturedPackage[]'.
  Type '{ id: string; price: Decimal; createdAt: Date; updatedAt: Date; name: string; description: string | null; imageUrl: string | null; active: boolean; times: number; originalPrice: Decimal | null; validityDays: number; }' is not assignable to type 'FeaturedPackage'.
    Types of property 'price' are incompatible.
      Type 'Decimal' is not assignable to type 'number'.
src/services/homeService.ts(107,5): error TS2322: Type '({ [x: string]: ({ id: string; orderId: string | null; createdAt: Date; updatedAt: Date; userId: string; status: string; packageId: string | null; amount: Decimal; provider: string; transactionId: string | null; metadata: JsonValue; } | { ...; })[] | ... 4 more ... | { ...; }[]; [x: number]: never; [x: symbol]: neve...' is not assignable to type 'RecentOrder[]'.
  Type '{ [x: string]: ({ id: string; orderId: string | null; createdAt: Date; updatedAt: Date; userId: string; status: string; packageId: string | null; amount: Decimal; provider: string; transactionId: string | null; metadata: JsonValue; } | { ...; })[] | ... 4 more ... | { ...; }[]; [x: number]: never; [x: symbol]: never...' is not assignable to type 'RecentOrder'.
    Types of property 'price' are incompatible.
      Type 'Decimal' is not assignable to type 'number'.
src/services/orderService.ts(52,14): error TS2322: Type '({ [x: string]: ({ id: string; orderId: string | null; createdAt: Date; updatedAt: Date; userId: string; status: string; packageId: string | null; amount: Decimal; provider: string; transactionId: string | null; metadata: JsonValue; } | { ...; })[] | ... 4 more ... | { ...; }[]; [x: number]: never; [x: symbol]: neve...' is not assignable to type 'OrderWithDetails[]'.
  Type '{ [x: string]: ({ id: string; orderId: string | null; createdAt: Date; updatedAt: Date; userId: string; status: string; packageId: string | null; amount: Decimal; provider: string; transactionId: string | null; metadata: JsonValue; } | { ...; })[] | ... 4 more ... | { ...; }[]; [x: number]: never; [x: symbol]: never...' is not assignable to type 'OrderWithDetails'.
    Types of property 'discountAmount' are incompatible.
      Type 'Decimal | null' is not assignable to type 'number | null | undefined'.
        Type 'Decimal' is not assignable to type 'number'.
src/services/orderService.ts(62,3): error TS2322: Type '{ [x: string]: ({ id: string; orderId: string | null; createdAt: Date; updatedAt: Date; userId: string; status: string; packageId: string | null; amount: Decimal; provider: string; transactionId: string | null; metadata: JsonValue; } | { ...; })[] | ... 4 more ... | { ...; }[]; [x: number]: never; [x: symbol]: never...' is not assignable to type 'OrderWithDetails'.
  Types of property 'discountAmount' are incompatible.
    Type 'Decimal | null' is not assignable to type 'number | null | undefined'.
      Type 'Decimal' is not assignable to type 'number'.
src/services/pointsService.ts(52,53): error TS2339: Property 'points' does not exist on type '{ balance: number; logs: { id: string; createdAt: Date; userId: string; amount: number; type: string; referenceId: string | null; description: string | null; balanceAfter: number; }[]; }'.
src/services/pointsService.ts(68,14): error TS2322: Type '{ id: string; createdAt: Date; userId: string; amount: number; type: string; referenceId: string | null; description: string | null; balanceAfter: number; }[]' is not assignable to type 'PointsLog[]'.
  Type '{ id: string; createdAt: Date; userId: string; amount: number; type: string; referenceId: string | null; description: string | null; balanceAfter: number; }' is missing the following properties from type 'PointsLog': points, reason
src/services/pointsService.ts(79,28): error TS2339: Property 'totalPoints' does not exist on type '{ total_earned: number; total_spent: number; }'.
src/services/pointsService.ts(80,32): error TS2339: Property 'earnedThisMonth' does not exist on type '{ total_earned: number; total_spent: number; }'.
src/services/pointsService.ts(81,34): error TS2339: Property 'redeemedThisMonth' does not exist on type '{ total_earned: number; total_spent: number; }'.
src/services/profileService.ts(47,14): error TS2741: Property 'totalSpent' is missing in type 'UserProfileActionResult' but required in type 'UserProfile'.
src/services/referralService.ts(51,7): error TS2322: Type '({ referred: { email: string | null; id: string; createdAt: Date; fullName: string | null; }; } & { id: string; createdAt: Date; referralCode: string; referrerId: string; referredId: string; rewardGiven: boolean; })[]' is not assignable to type '{ id: string; fullName: string; createdAt: Date; rewardPoints: number; }[]'.
  Type '{ referred: { email: string | null; id: string; createdAt: Date; fullName: string | null; }; } & { id: string; createdAt: Date; referralCode: string; referrerId: string; referredId: string; rewardGiven: boolean; }' is missing the following properties from type '{ id: string; fullName: string; createdAt: Date; rewardPoints: number; }': fullName, rewardPoints
src/services/reviewService.ts(249,36): error TS2322: Type '{ id: string; created_at: string; price: number; discount_amount: number | null; tension: number | null; string: { brand: string; model: string; } | null; }[]' is not assignable to type 'PendingReviewOrder[]'.
  Type '{ id: string; created_at: string; price: number; discount_amount: number | null; tension: number | null; string: { brand: string; model: string; } | null; }' is not assignable to type 'PendingReviewOrder'.
    Types of property 'tension' are incompatible.
      Type 'number | null' is not assignable to type 'number'.
        Type 'null' is not assignable to type 'number'.
src/services/voucherService.ts(121,14): error TS2322: Type '({ id: string; code: string; name: string; discount_type: string; discount_value: number; min_purchase: number; max_discount: null; points_cost: number; points_required: number; valid_from: string; ... 6 more ...; max_redemptions_per_user: number; } | null)[]' is not assignable to type '{ id: string; createdAt: Date; name: string; type: string; active: boolean; code: string; value: Decimal; minPurchase: Decimal; maxUses: number | null; usedCount: number; pointsCost: number; maxRedemptionsPerUser: number; validFrom: Date; validUntil: Date; }[]'.
  Type '{ id: string; code: string; name: string; discount_type: string; discount_value: number; min_purchase: number; max_discount: null; points_cost: number; points_required: number; valid_from: string; ... 6 more ...; max_redemptions_per_user: number; } | null' is not assignable to type '{ id: string; createdAt: Date; name: string; type: string; active: boolean; code: string; value: Decimal; minPurchase: Decimal; maxUses: number | null; usedCount: number; pointsCost: number; maxRedemptionsPerUser: number; validFrom: Date; validUntil: Date; }'.
    Type 'null' is not assignable to type '{ id: string; createdAt: Date; name: string; type: string; active: boolean; code: string; value: Decimal; minPurchase: Decimal; maxUses: number | null; usedCount: number; pointsCost: number; maxRedemptionsPerUser: number; validFrom: Date; validUntil: Date; }'.
src/services/voucherService.ts(211,29): error TS2339: Property 'totalSavings' does not exist on type '{ total: number; used: number; expired: number; active: number; available: number; usageRate: number; totalVouchers: number; usedVouchers: number; expiredVouchers: number; activeVouchers: number; }'.
